current directory: /mnt/c/Users/ktpha/documents/website/kenny-phan.github.io/vendor/cache/ruby/3.2.0/gems/json-2.19.5/ext/json/ext/parser
/usr/bin/ruby3.2 -I/usr/lib/ruby/vendor_ruby extconf.rb
checking for rb_enc_interned_str() in ruby/encoding.h... yes
checking for rb_str_to_interned_str() in ruby.h... yes
checking for rb_hash_new_capa() in ruby.h... yes
checking for rb_hash_bulk_insert() in ruby.h... yes
checking for RUBY_TYPED_EMBEDDABLE in ruby.h... no
checking for whether -std=c99 is accepted as CFLAGS... yes
checking for x86intrin.h... yes
checking for cpuid.h... yes
creating Makefile

current directory: /mnt/c/Users/ktpha/documents/website/kenny-phan.github.io/vendor/cache/ruby/3.2.0/gems/json-2.19.5/ext/json/ext/parser
make DESTDIR\= sitearchdir\=./.gem.20260527-11223-w14kxp sitelibdir\=./.gem.20260527-11223-w14kxp clean

current directory: /mnt/c/Users/ktpha/documents/website/kenny-phan.github.io/vendor/cache/ruby/3.2.0/gems/json-2.19.5/ext/json/ext/parser
make DESTDIR\= sitearchdir\=./.gem.20260527-11223-w14kxp sitelibdir\=./.gem.20260527-11223-w14kxp
compiling parser.c
linking shared-object json/ext/parser.so

current directory: /mnt/c/Users/ktpha/documents/website/kenny-phan.github.io/vendor/cache/ruby/3.2.0/gems/json-2.19.5/ext/json/ext/parser
make DESTDIR\= sitearchdir\=./.gem.20260527-11223-w14kxp sitelibdir\=./.gem.20260527-11223-w14kxp install
/usr/bin/install -c -m 0755 parser.so ./.gem.20260527-11223-w14kxp/json/ext

current directory: /mnt/c/Users/ktpha/documents/website/kenny-phan.github.io/vendor/cache/ruby/3.2.0/gems/json-2.19.5/ext/json/ext/parser
make DESTDIR\= sitearchdir\=./.gem.20260527-11223-w14kxp sitelibdir\=./.gem.20260527-11223-w14kxp clean
