current directory: /mnt/c/Users/ktpha/documents/website/kenny-phan.github.io/vendor/cache/ruby/3.2.0/gems/bigdecimal-4.1.2/ext/bigdecimal
/usr/bin/ruby3.2 -I/usr/lib/ruby/vendor_ruby extconf.rb
checking for __builtin_clz()... yes
checking for __builtin_clzl()... yes
checking for __builtin_clzll()... yes
checking for float.h... yes
checking for math.h... yes
checking for stdbool.h... yes
checking for stdlib.h... yes
checking for x86intrin.h... yes
checking for _lzcnt_u32() in x86intrin.h... no
checking for _lzcnt_u64() in x86intrin.h... no
checking for intrin.h... no
checking for ruby/atomic.h... yes
checking for ruby/internal/has/builtin.h... yes
checking for ruby/internal/static_assert.h... yes
checking for rb_complex_real() in ruby.h... yes
checking for rb_complex_imag() in ruby.h... yes
checking for rb_opts_exception_p() in ruby.h... yes
checking for rb_category_warn() in ruby.h... yes
checking for RB_WARN_CATEGORY_DEPRECATED in ruby.h... yes
checking for RUBY_TYPED_EMBEDDABLE in ruby.h... no
creating Makefile

current directory: /mnt/c/Users/ktpha/documents/website/kenny-phan.github.io/vendor/cache/ruby/3.2.0/gems/bigdecimal-4.1.2/ext/bigdecimal
make DESTDIR\= sitearchdir\=./.gem.20260527-11223-uybu5q sitelibdir\=./.gem.20260527-11223-uybu5q clean

current directory: /mnt/c/Users/ktpha/documents/website/kenny-phan.github.io/vendor/cache/ruby/3.2.0/gems/bigdecimal-4.1.2/ext/bigdecimal
make DESTDIR\= sitearchdir\=./.gem.20260527-11223-uybu5q sitelibdir\=./.gem.20260527-11223-uybu5q
compiling bigdecimal.c
compiling missing.c
linking shared-object bigdecimal.so

current directory: /mnt/c/Users/ktpha/documents/website/kenny-phan.github.io/vendor/cache/ruby/3.2.0/gems/bigdecimal-4.1.2/ext/bigdecimal
make DESTDIR\= sitearchdir\=./.gem.20260527-11223-uybu5q sitelibdir\=./.gem.20260527-11223-uybu5q install
make: Warning: File 'bigdecimal.so' has modification time 0.39 s in the future
/usr/bin/install -c -m 0755 bigdecimal.so ./.gem.20260527-11223-uybu5q
make: warning:  Clock skew detected.  Your build may be incomplete.

current directory: /mnt/c/Users/ktpha/documents/website/kenny-phan.github.io/vendor/cache/ruby/3.2.0/gems/bigdecimal-4.1.2/ext/bigdecimal
make DESTDIR\= sitearchdir\=./.gem.20260527-11223-uybu5q sitelibdir\=./.gem.20260527-11223-uybu5q clean
